16:28:23 **** Incremental Build of configuration Debug for project stm32f429i-discovery-gyroscope ****
make all 
Building file: ../src/main.cpp
Invoking: MCU G++ Compiler
%cd%
arm-none-eabi-g++ -mcpu=cortex-m4 -mthumb -mfloat-abi=hard -mfpu=fpv4-sp-d16 -DSTM32F429ZITx -DSTM32F429I_DISCO -DSTM32 -DSTM32F4 -DDEBUG -DUSE_HAL_DRIVER -DSTM32F429xx -I"C:/tools/ARM/Realzeitsysteme-STM32F429I-DISCO/stm32f429i-discovery-gyroscope/inc" -I"C:/tools/ARM/Realzeitsysteme-STM32F429I-DISCO/stm32f429i-discovery-gyroscope/CMSIS/core" -I"C:/tools/ARM/Realzeitsysteme-STM32F429I-DISCO/stm32f429i-discovery-gyroscope/CMSIS/device" -I"C:/tools/ARM/Realzeitsysteme-STM32F429I-DISCO/stm32f429i-discovery-gyroscope/HAL_Driver/Inc/Legacy" -I"C:/tools/ARM/Realzeitsysteme-STM32F429I-DISCO/stm32f429i-discovery-gyroscope/HAL_Driver/Inc" -I"C:/tools/ARM/Realzeitsysteme-STM32F429I-DISCO/stm32f429i-discovery-gyroscope/Utilities/Components/ampire480272" -I"C:/tools/ARM/Realzeitsysteme-STM32F429I-DISCO/stm32f429i-discovery-gyroscope/Utilities/Components/ampire640480" -I"C:/tools/ARM/Realzeitsysteme-STM32F429I-DISCO/stm32f429i-discovery-gyroscope/Utilities/Components/Common" -I"C:/tools/ARM/Realzeitsysteme-STM32F429I-DISCO/stm32f429i-discovery-gyroscope/Utilities/Components/cs43l22" -I"C:/tools/ARM/Realzeitsysteme-STM32F429I-DISCO/stm32f429i-discovery-gyroscope/Utilities/Components/exc7200" -I"C:/tools/ARM/Realzeitsysteme-STM32F429I-DISCO/stm32f429i-discovery-gyroscope/Utilities/Components/ft6x06" -I"C:/tools/ARM/Realzeitsysteme-STM32F429I-DISCO/stm32f429i-discovery-gyroscope/Utilities/Components/ili9325" -I"C:/tools/ARM/Realzeitsysteme-STM32F429I-DISCO/stm32f429i-discovery-gyroscope/Utilities/Components/ili9341" -I"C:/tools/ARM/Realzeitsysteme-STM32F429I-DISCO/stm32f429i-discovery-gyroscope/Utilities/Components/l3gd20" -I"C:/tools/ARM/Realzeitsysteme-STM32F429I-DISCO/stm32f429i-discovery-gyroscope/Utilities/Components/lis302dl" -I"C:/tools/ARM/Realzeitsysteme-STM32F429I-DISCO/stm32f429i-discovery-gyroscope/Utilities/Components/lis3dsh" -I"C:/tools/ARM/Realzeitsysteme-STM32F429I-DISCO/stm32f429i-discovery-gyroscope/Utilities/Components/lsm303dlhc" -I"C:/tools/ARM/Realzeitsysteme-STM32F429I-DISCO/stm32f429i-discovery-gyroscope/Utilities/Components/mfxstm32l152" -I"C:/tools/ARM/Realzeitsysteme-STM32F429I-DISCO/stm32f429i-discovery-gyroscope/Utilities/Components/n25q128a" -I"C:/tools/ARM/Realzeitsysteme-STM32F429I-DISCO/stm32f429i-discovery-gyroscope/Utilities/Components/n25q256a" -I"C:/tools/ARM/Realzeitsysteme-STM32F429I-DISCO/stm32f429i-discovery-gyroscope/Utilities/Components/n25q512a" -I"C:/tools/ARM/Realzeitsysteme-STM32F429I-DISCO/stm32f429i-discovery-gyroscope/Utilities/Components/otm8009a" -I"C:/tools/ARM/Realzeitsysteme-STM32F429I-DISCO/stm32f429i-discovery-gyroscope/Utilities/Components/ov2640" -I"C:/tools/ARM/Realzeitsysteme-STM32F429I-DISCO/stm32f429i-discovery-gyroscope/Utilities/Components/s25fl512s" -I"C:/tools/ARM/Realzeitsysteme-STM32F429I-DISCO/stm32f429i-discovery-gyroscope/Utilities/Components/s5k5cag" -I"C:/tools/ARM/Realzeitsysteme-STM32F429I-DISCO/stm32f429i-discovery-gyroscope/Utilities/Components/st7735" -I"C:/tools/ARM/Realzeitsysteme-STM32F429I-DISCO/stm32f429i-discovery-gyroscope/Utilities/Components/stmpe1600" -I"C:/tools/ARM/Realzeitsysteme-STM32F429I-DISCO/stm32f429i-discovery-gyroscope/Utilities/Components/stmpe811" -I"C:/tools/ARM/Realzeitsysteme-STM32F429I-DISCO/stm32f429i-discovery-gyroscope/Utilities/Components/ts3510" -I"C:/tools/ARM/Realzeitsysteme-STM32F429I-DISCO/stm32f429i-discovery-gyroscope/Utilities/Components/wm8994" -I"C:/tools/ARM/Realzeitsysteme-STM32F429I-DISCO/stm32f429i-discovery-gyroscope/Utilities/Fonts" -I"C:/tools/ARM/Realzeitsysteme-STM32F429I-DISCO/stm32f429i-discovery-gyroscope/Utilities/Log" -I"C:/tools/ARM/Realzeitsysteme-STM32F429I-DISCO/stm32f429i-discovery-gyroscope/Utilities/STM32F429I-Discovery" -O0 -g3 -Wall -fmessage-length=0 -ffunction-sections -c -fno-exceptions -mslow-flash-data -fno-rtti -MMD -MP -MF"src/main.d" -MT"src/main.o" -o "src/main.o" "../src/main.cpp"
../src/main.cpp: In function 'int main()':
../src/main.cpp:57:8: warning: unused variable 'accelx' [-Wunused-variable]
  float accelx,accely,accelz;
        ^
../src/main.cpp:57:15: warning: unused variable 'accely' [-Wunused-variable]
  float accelx,accely,accelz;
               ^
../src/main.cpp:57:22: warning: unused variable 'accelz' [-Wunused-variable]
  float accelx,accely,accelz;
                      ^
../src/main.cpp:61:6: warning: unused variable 'j' [-Wunused-variable]
  int j = 0;
      ^
../src/main.cpp:65:8: warning: unused variable 'x' [-Wunused-variable]
  float x[1000];
        ^
../src/main.cpp:66:8: warning: unused variable 'y' [-Wunused-variable]
  float y[1000];
        ^
../src/main.cpp:67:8: warning: unused variable 'z' [-Wunused-variable]
  float z[1000];
        ^
../src/main.cpp:68:8: warning: unused variable 'sumx' [-Wunused-variable]
  float sumx,sumy,sumz;
        ^
../src/main.cpp:68:13: warning: unused variable 'sumy' [-Wunused-variable]
  float sumx,sumy,sumz;
             ^
../src/main.cpp:68:18: warning: unused variable 'sumz' [-Wunused-variable]
  float sumx,sumy,sumz;
                  ^
Finished building: ../src/main.cpp
 
Building target: stm32f429i-discovery-gyroscope.elf
Invoking: MCU G++ Linker
arm-none-eabi-g++ -mcpu=cortex-m4 -mthumb -mfloat-abi=hard -mfpu=fpv4-sp-d16 -T"C:\tools\ARM\Realzeitsysteme-STM32F429I-DISCO\stm32f429i-discovery-gyroscope\LinkerScript.ld" -Wl,-Map=output.map -Wl,--gc-sections -fno-exceptions -fno-rtti -lm -o "stm32f429i-discovery-gyroscope.elf" @"objects.list"  
Finished building target: stm32f429i-discovery-gyroscope.elf
 
make --no-print-directory post-build
Generating binary and Printing size information:
arm-none-eabi-objcopy -O binary "stm32f429i-discovery-gyroscope.elf" "stm32f429i-discovery-gyroscope.bin"
arm-none-eabi-size "stm32f429i-discovery-gyroscope.elf"
   text	   data	    bss	    dec	    hex	filename
 259504	   2640	  23808	 285952	  45d00	stm32f429i-discovery-gyroscope.elf
 
16:28:30 **** Incremental Build of configuration Debug for project stm32f429i-discovery-gyroscope ****
make all 
make: Nothing to be done for `all'.
