23:17:37 **** Incremental Build of configuration Debug for project stm32f429i-discovery-freertos-manual-pwm ****
make all 
Building file: ../src/main.cpp
Invoking: MCU G++ Compiler
%cd%
arm-none-eabi-g++ -mcpu=cortex-m4 -mthumb -mfloat-abi=hard -mfpu=fpv4-sp-d16 -DSTM32F429ZITx -DSTM32F429I_DISCO -DSTM32 -DSTM32F4 -DDEBUG -DUSE_HAL_DRIVER -DSTM32F429xx -I"C:/tools/ARM/Realzeitsysteme-STM32F429I-DISCO/stm32f429i-discovery-freertos-manual-pwm/inc" -I"C:/tools/ARM/Realzeitsysteme-STM32F429I-DISCO/stm32f429i-discovery-freertos-manual-pwm/CMSIS/core" -I"C:/tools/ARM/Realzeitsysteme-STM32F429I-DISCO/stm32f429i-discovery-freertos-manual-pwm/CMSIS/device" -I"C:/tools/ARM/Realzeitsysteme-STM32F429I-DISCO/stm32f429i-discovery-freertos-manual-pwm/HAL_Driver/Inc/Legacy" -I"C:/tools/ARM/Realzeitsysteme-STM32F429I-DISCO/stm32f429i-discovery-freertos-manual-pwm/HAL_Driver/Inc" -I"C:/tools/ARM/Realzeitsysteme-STM32F429I-DISCO/stm32f429i-discovery-freertos-manual-pwm/Middlewares/Third_Party/FreeRTOS/Source/CMSIS_RTOS" -I"C:/tools/ARM/Realzeitsysteme-STM32F429I-DISCO/stm32f429i-discovery-freertos-manual-pwm/Middlewares/Third_Party/FreeRTOS/Source/include" -I"C:/tools/ARM/Realzeitsysteme-STM32F429I-DISCO/stm32f429i-discovery-freertos-manual-pwm/Middlewares/Third_Party/FreeRTOS/Source/portable/GCC/ARM_CM4F" -I"C:/tools/ARM/Realzeitsysteme-STM32F429I-DISCO/stm32f429i-discovery-freertos-manual-pwm/Utilities/Components/ampire480272" -I"C:/tools/ARM/Realzeitsysteme-STM32F429I-DISCO/stm32f429i-discovery-freertos-manual-pwm/Utilities/Components/ampire640480" -I"C:/tools/ARM/Realzeitsysteme-STM32F429I-DISCO/stm32f429i-discovery-freertos-manual-pwm/Utilities/Components/Common" -I"C:/tools/ARM/Realzeitsysteme-STM32F429I-DISCO/stm32f429i-discovery-freertos-manual-pwm/Utilities/Components/cs43l22" -I"C:/tools/ARM/Realzeitsysteme-STM32F429I-DISCO/stm32f429i-discovery-freertos-manual-pwm/Utilities/Components/exc7200" -I"C:/tools/ARM/Realzeitsysteme-STM32F429I-DISCO/stm32f429i-discovery-freertos-manual-pwm/Utilities/Components/ft6x06" -I"C:/tools/ARM/Realzeitsysteme-STM32F429I-DISCO/stm32f429i-discovery-freertos-manual-pwm/Utilities/Components/ili9325" -I"C:/tools/ARM/Realzeitsysteme-STM32F429I-DISCO/stm32f429i-discovery-freertos-manual-pwm/Utilities/Components/ili9341" -I"C:/tools/ARM/Realzeitsysteme-STM32F429I-DISCO/stm32f429i-discovery-freertos-manual-pwm/Utilities/Components/l3gd20" -I"C:/tools/ARM/Realzeitsysteme-STM32F429I-DISCO/stm32f429i-discovery-freertos-manual-pwm/Utilities/Components/lis302dl" -I"C:/tools/ARM/Realzeitsysteme-STM32F429I-DISCO/stm32f429i-discovery-freertos-manual-pwm/Utilities/Components/lis3dsh" -I"C:/tools/ARM/Realzeitsysteme-STM32F429I-DISCO/stm32f429i-discovery-freertos-manual-pwm/Utilities/Components/lsm303dlhc" -I"C:/tools/ARM/Realzeitsysteme-STM32F429I-DISCO/stm32f429i-discovery-freertos-manual-pwm/Utilities/Components/mfxstm32l152" -I"C:/tools/ARM/Realzeitsysteme-STM32F429I-DISCO/stm32f429i-discovery-freertos-manual-pwm/Utilities/Components/n25q128a" -I"C:/tools/ARM/Realzeitsysteme-STM32F429I-DISCO/stm32f429i-discovery-freertos-manual-pwm/Utilities/Components/n25q256a" -I"C:/tools/ARM/Realzeitsysteme-STM32F429I-DISCO/stm32f429i-discovery-freertos-manual-pwm/Utilities/Components/n25q512a" -I"C:/tools/ARM/Realzeitsysteme-STM32F429I-DISCO/stm32f429i-discovery-freertos-manual-pwm/Utilities/Components/otm8009a" -I"C:/tools/ARM/Realzeitsysteme-STM32F429I-DISCO/stm32f429i-discovery-freertos-manual-pwm/Utilities/Components/ov2640" -I"C:/tools/ARM/Realzeitsysteme-STM32F429I-DISCO/stm32f429i-discovery-freertos-manual-pwm/Utilities/Components/s25fl512s" -I"C:/tools/ARM/Realzeitsysteme-STM32F429I-DISCO/stm32f429i-discovery-freertos-manual-pwm/Utilities/Components/s5k5cag" -I"C:/tools/ARM/Realzeitsysteme-STM32F429I-DISCO/stm32f429i-discovery-freertos-manual-pwm/Utilities/Components/st7735" -I"C:/tools/ARM/Realzeitsysteme-STM32F429I-DISCO/stm32f429i-discovery-freertos-manual-pwm/Utilities/Components/stmpe1600" -I"C:/tools/ARM/Realzeitsysteme-STM32F429I-DISCO/stm32f429i-discovery-freertos-manual-pwm/Utilities/Components/stmpe811" -I"C:/tools/ARM/Realzeitsysteme-STM32F429I-DISCO/stm32f429i-discovery-freertos-manual-pwm/Utilities/Components/ts3510" -I"C:/tools/ARM/Realzeitsysteme-STM32F429I-DISCO/stm32f429i-discovery-freertos-manual-pwm/Utilities/Components/wm8994" -I"C:/tools/ARM/Realzeitsysteme-STM32F429I-DISCO/stm32f429i-discovery-freertos-manual-pwm/Utilities/Fonts" -I"C:/tools/ARM/Realzeitsysteme-STM32F429I-DISCO/stm32f429i-discovery-freertos-manual-pwm/Utilities/Log" -I"C:/tools/ARM/Realzeitsysteme-STM32F429I-DISCO/stm32f429i-discovery-freertos-manual-pwm/Utilities/STM32F429I-Discovery" -O0 -g3 -Wall -fmessage-length=0 -ffunction-sections -c -fno-exceptions -mslow-flash-data -fno-rtti -MMD -MP -MF"src/main.d" -MT"src/main.o" -o "src/main.o" "../src/main.cpp"
Finished building: ../src/main.cpp
 
Building target: stm32f429i-discovery-freertos-manual-pwm.elf
Invoking: MCU G++ Linker
arm-none-eabi-g++ -mcpu=cortex-m4 -mthumb -mfloat-abi=hard -mfpu=fpv4-sp-d16 -T"C:\tools\ARM\Realzeitsysteme-STM32F429I-DISCO\stm32f429i-discovery-freertos-manual-pwm\LinkerScript.ld" -Wl,-Map=output.map -Wl,--gc-sections -fno-exceptions -fno-rtti -lm -o "stm32f429i-discovery-freertos-manual-pwm.elf" @"objects.list"  
Finished building target: stm32f429i-discovery-freertos-manual-pwm.elf
 
make --no-print-directory post-build
Generating binary and Printing size information:
arm-none-eabi-objcopy -O binary "stm32f429i-discovery-freertos-manual-pwm.elf" "stm32f429i-discovery-freertos-manual-pwm.bin"
arm-none-eabi-size "stm32f429i-discovery-freertos-manual-pwm.elf"
   text	   data	    bss	    dec	    hex	filename
  19284	   1124	  17256	  37664	   9320	stm32f429i-discovery-freertos-manual-pwm.elf
 
